2026-10-02 10:21:00 INFO Service started on port 8080
2026-10-02 10:21:02 DEBUG Initializing connection pool
2026-10-02 10:21:05 INFO Database connection pool initialized with 10 connections
2026-10-02 10:21:12 INFO User admin logged in successfully
2026-10-02 10:21:15 DEBUG Cache miss for key user:1002
2026-10-02 10:21:18 INFO Fetched user profile ID 1002 from DB
2026-10-02 10:21:22 WARNING Redis unavailable, falling back to database cache
2026-10-02 10:21:25 INFO Request GET /api/v1/users completed in 45ms
2026-10-02 10:21:30 DEBUG Parsing JWT token for request ID req_0091
2026-10-02 10:21:32 ERROR Invalid authentication token
INVALID LOG ENTRY
2026-10-02 10:21:38 INFO User guest session created
2026-10-02 10:21:42 DEBUG Executing query: SELECT * FROM orders WHERE status = 'pending'
2026-10-02 10:21:45 ERROR Database query timeout after 5000ms
2026-10-02 10:21:48 WARNING High memory usage: 84% allocated

2026-10-02 10:21:55 INFO Worker thread pool resized to 8 threads
2026-10-02 10:22:01 DEBUG Health check request received from 10.0.0.1
2026-10-02 10:22:02 INFO Health check status OK
2026-10-02 10:22:10 ERROR Database connection failed
2026-10-02 10:22:12 ERROR Connection timeout reaching DB primary
2026-10-02 10:22:15 WARNING Connection retry 1/3 initiated
2026-10-02 10:22:18 INFO Reconnected to primary database node
2026-10-02 10:22:24 DEBUG Processing payment payload for order #8812
2026-10-02 10:22:26 ERROR Internal server error in Payment Gateway integration
2026-10-02 10:22:31 INFO User john_doe logged out successfully
2026-10-02 ERROR Something went wrong
2026-10-02 10:22:40 INFO Garbage collection completed: 120MB freed
2026-10-02 10:22:45 DEBUG Incoming payload size: 1024 bytes
2026-10-02 10:22:50 WARNING High CPU usage detected: core 2 at 92%
2026-10-02 10:22:55 INFO Request POST /api/v1/checkout completed in 120ms
2026-10-02 10:23:01 DEBUG Refreshing auth token for session sess_40192
2026-10-02 10:23:08 INFO User jane_smith logged in successfully
2026-10-02 10:23:12 WARNING Rate limit threshold reached for IP 192.168.1.105
2026-10-02 10:23:18 ERROR Redis connection timed out on port 6379

2026-10-02 10:23:25 INFO Email notification queued for order #8812
2026-10-02 10:23:30 DEBUG Email worker processing batch of 1 items
CORRUPTED_STREAM_HEADER_CHUNK_0x88F
2026-10-02 10:23:38 INFO Email sent successfully to user@example.com
2026-10-02 10:23:42 DEBUG SSL Handshake established with 172.16.0.4
2026-10-02 10:23:48 WARNING Disk space usage exceeds 80% on /var/log
2026-10-02 10:23:55 INFO Background maintenance task scheduled
2026-10-02 10:24:02 ERROR Failed to bind socket on port 8081
2026-10-02 10:24:10 DEBUG Cleaning up expired cache keys
2026-10-02 10:24:15 INFO Cleared 42 expired keys from memory
2026-10-02 10:24:20 WARNING Unexpected client disconnect during file upload
2026-10-02 10:24:28 ERROR 500 Internal Server Error - Unhandled exception in Router
2026-10-02 10:24:32 DEBUG Memory usage: 412MB / 1024MB
2026-10-02 10:24:38 INFO API key rotater triggered successfully
2026-10-02 10:24:45 WARNING Deprecated API endpoint accessed: /api/v0/users
2026-10-02 10:24:50 INFO User admin initiated system backup
2026-10-02 10:24:58 DEBUG Archive compression ratio: 2.4:1
2026-10-02 10:25:05 INFO System backup completed: 45MB written
2026-10-02 10:25:10 DEBUG Heartbeat ping sent to cluster supervisor
2026-10-02 10:25:12 INFO Cluster node status: HEALTHY
2026-10-02 10:25:18 INFO Incoming websocket connection from 192.168.1.50
2026-10-02 10:25:21 DEBUG Handshake protocol HTTP/1.1 Upgrade
2026-10-02 10:25:25 INFO Websocket connection established: conn_88192
2026-10-02 10:25:29 ERROR Connection timeout to authentication service
2026-10-02 10:25:33 WARNING Re-authenticating token for connection conn_88192
2026-10-02 10:25:38 DEBUG Fetching user roles for permissions check
2026-10-02 10:25:41 INFO Authorization successful for scope read:orders
2026-10-02 10:25:45 DEBUG DB query executed in 12ms: SELECT * FROM products
2026-10-02 10:25:50 INFO Request GET /api/v1/products returned 200 OK
2026-10-02 10:25:54 ERROR Invalid authentication token in request header
MALFORMED HEADER DATA RECEIVED
2026-10-02 10:26:01 INFO User alex_m logged in successfully
2026-10-02 10:26:05 DEBUG Session cookie generated with Max-Age 3600
2026-10-02 10:26:10 WARNING Slow query detected: 3200ms on table `audit_logs`
2026-10-02 10:26:15 ERROR Database query timeout on write operation
2026-10-02 10:26:18 WARNING Rolling back transaction ID tx_99812

2026-10-02 10:26:24 INFO Transaction tx_99812 rolled back safely
2026-10-02 10:26:28 DEBUG Releasing locks on table `audit_logs`
2026-10-02 10:26:32 ERROR Redis unavailable, cache bypass activated
2026-10-02 10:26:37 INFO Metrics reporter pushed 150 datapoints
2026-10-02 10:26:42 DEBUG Flushed buffer to stdout
2026-10-02 10:26:48 WARNING CPU temperature high: 82C
2026-10-02 10:26:52 INFO Fan speed increased to 100%
2026-10-02 10:26:59 ERROR Internal server error while processing image upload
2026-10-02 10:27:04 DEBUG Image buffer corrupt at byte offset 4096
2026-10-02 10:27:08 INFO Cleanup worker deleted temp file /tmp/img_9012.tmp
2026-10-02 10:27:14 WARNING User session sess_40192 idle for 30 minutes
2026-10-02 10:27:19 INFO Session sess_40192 invalidated
2026-10-02 10:27:23 DEBUG Active sessions count: 142
2026-10-02 10:27:28 INFO Request DELETE /api/v1/sessions/40192 returned 204
2026-10-02 10:27:32 ERROR Connection timeout reaching payment processor
2026-10-02 10:27:37 WARNING Retrying payment gateway connection attempt 2
2026-10-02 10:27:42 ERROR Payment gateway unreachable after 3 attempts
2026-10-02 10:27:45 INFO Transaction marked as FAILED for order #8815
2026-10-02 10:27:50 DEBUG Dispatching webhook notification `order.failed`
10:27:52 ERROR Missing date component in timestamp header
2026-10-02 10:27:58 INFO Webhook delivered to endpoint https://example.com/hook
2026-10-02 10:28:03 DEBUG HTTP response status 200 from webhook endpoint
2026-10-02 10:28:09 WARNING Memory consumption spiking: 88% limit reached
2026-10-02 10:28:14 INFO Triggering automatic garbage collection cycle
2026-10-02 10:28:19 DEBUG GC cycle completed in 420ms
2026-10-02 10:28:24 INFO Freed 310MB of heap memory

2026-10-02 10:28:30 ERROR Database connection failed on replica pool
2026-10-02 10:28:35 WARNING Failover to primary DB node initiated
2026-10-02 10:28:39 INFO DB Primary took over read queries
2026-10-02 10:28:44 DEBUG Syncing slave replication pointers
2026-10-02 10:28:50 INFO User sarah_k logged in successfully
2026-10-02 10:28:55 DEBUG User permission check passed for admin_dashboard
2026-10-02 10:29:01 WARNING CSRF token close to expiration
2026-10-02 10:29:06 INFO CSRF token renewed for session sess_99012
2026-10-02 10:29:12 ERROR Invalid authentication token provided for API endpoint
2026-10-02 10:29:18 DEBUG IP 10.0.4.12 blocked for 15 minutes due to 5 bad auth attempts
2026-10-02 10:29:22 INFO Security alert logged for IP 10.0.4.12
2026-10-02 10:29:28 WARNING SSL Certificate expiring in 3 days
2026-10-02 10:29:33 INFO Automated ACME SSL renewal process started
2026-10-02 10:29:39 DEBUG Requesting certificate challenge from Let's Encrypt
2026-10-02 10:29:44 INFO Challenge completed successfully
2026-10-02 10:29:50 INFO SSL Certificate renewed until 2027-01-02
2026-10-02 10:29:55 DEBUG Reloading TLS listener context
2026-10-02 10:30:00 INFO Server socket reload complete - 0 dropped connections